
> vite_react_shadcn_ts@0.0.0 build
> vite build

[36mvite v7.3.1 [32mbuilding client environment for production...[36m[39m
transforming...
[32mÔ£ô[39m 20 modules transformed.
node.exe : 
[31mÔ£ù[39m Build 
failed in 2.73s
Au caractère Ligne:1 
: 1
+ & "C:\Program Files\
nodejs/node.exe" 
"C:\Users\Djiba 
Kourouma\AppData ...
+ ~~~~~~~~~~~~~~~~~~~~
~~~~~~~~~~~~~~~~~~~~~~
~~~~~~~~~~~~~~~~~~~~~~
~~~~~
    + CategoryInfo    
          : NotSpeci  
  fied: ([31mÔ£ù[   
 39m Build failed     
in 2.73s:String)     
[], RemoteExcepti    
on
    + FullyQualifiedE 
   rrorId : NativeCo  
  mmandError
 
[31merror during 
build:
[31m[vite:esbuild] 
Transform failed with 
1 error:
C:/Users/Djiba Kouroum
a/Desktop/sihg/NEXUS-p
etroliom/src/pages/Sta
tionsPage.tsx:51:0: 
ERROR: Unexpected 
"<<"[31m
file: 
[36mC:/Users/Djiba Ko
urouma/Desktop/sihg/NE
XUS-petroliom/src/page
s/StationsPage.tsx:51:
0[31m
[33m
[33mUnexpected 
"<<"[33m
49 |    const 
[isStationDialogOpen, 
setIsStationDialogOpen
] = useState(false);
50 |    const 
[savingStation, 
setSavingStation] = 
useState(false);
51 |  <<<<<<< HEAD
   |  ^
52 |    
53 |    // Pagination
[31m
    at 
failureErrorWithLog 
(C:\Users\Djiba Kourou
ma\Desktop\sihg\NEXUS-
petroliom\node_modules
\esbuild\lib\main.js:1
467:15)
    at C:\Users\Djiba 
Kourouma\Desktop\sihg\
NEXUS-petroliom\node_m
odules\esbuild\lib\mai
n.js:736:50
    at responseCallbac
ks.<computed> 
(C:\Users\Djiba Kourou
ma\Desktop\sihg\NEXUS-
petroliom\node_modules
\esbuild\lib\main.js:6
03:9)
    at 
handleIncomingPacket 
(C:\Users\Djiba Kourou
ma\Desktop\sihg\NEXUS-
petroliom\node_modules
\esbuild\lib\main.js:6
58:12)
    at 
Socket.readFromStdout 
(C:\Users\Djiba Kourou
ma\Desktop\sihg\NEXUS-
petroliom\node_modules
\esbuild\lib\main.js:5
81:7)
    at Socket.emit 
(node:events:519:28)
    at addChunk (node:
internal/streams/reada
ble:561:12)
    at readableAddChun
kPushByteMode (node:in
ternal/streams/readabl
e:512:3)
    at Readable.push (
node:internal/streams/
readable:392:5)
    at 
Pipe.onStreamRead (nod
e:internal/stream_base
_commons:189:23)[39m
